#-----------------------------------------------------------
# Vivado v2022.1 (64-bit)
# SW Build 3526262 on Mon Apr 18 15:48:16 MDT 2022
# IP Build 3524634 on Mon Apr 18 20:55:01 MDT 2022
# Start of session at: Fri Jan 13 11:33:12 2023
# Process ID: 40780
# Current directory: C:/gitaar_effect/Gitaar_effect_delay/Gitaar_effect_delay.runs/Delay_pedal_Delay_mix_0_0_synth_1
# Command line: vivado.exe -log Delay_pedal_Delay_mix_0_0.vds -product Vivado -mode batch -messageDb vivado.pb -notrace -source Delay_pedal_Delay_mix_0_0.tcl
# Log file: C:/gitaar_effect/Gitaar_effect_delay/Gitaar_effect_delay.runs/Delay_pedal_Delay_mix_0_0_synth_1/Delay_pedal_Delay_mix_0_0.vds
# Journal file: C:/gitaar_effect/Gitaar_effect_delay/Gitaar_effect_delay.runs/Delay_pedal_Delay_mix_0_0_synth_1\vivado.jou
# Running On: DESKTOP-6QOF9GB, OS: Windows, CPU Frequency: 4104 MHz, CPU Physical cores: 6, Host memory: 34275 MB
#-----------------------------------------------------------
source Delay_pedal_Delay_mix_0_0.tcl -notrace
