#-----------------------------------------------------------
# Vivado v2022.1 (64-bit)
# SW Build 3526262 on Mon Apr 18 15:48:16 MDT 2022
# IP Build 3524634 on Mon Apr 18 20:55:01 MDT 2022
# Start of session at: Fri Feb  3 15:27:37 2023
# Process ID: 38572
# Current directory: C:/gitaar_effect/Gitaar_effect_delay/Gitaar_effect_delay.runs/delay_channel_1_inst_2_delay_mem_driver_0_0_synth_1
# Command line: vivado.exe -log delay_channel_1_inst_2_delay_mem_driver_0_0.vds -product Vivado -mode batch -messageDb vivado.pb -notrace -source delay_channel_1_inst_2_delay_mem_driver_0_0.tcl
# Log file: C:/gitaar_effect/Gitaar_effect_delay/Gitaar_effect_delay.runs/delay_channel_1_inst_2_delay_mem_driver_0_0_synth_1/delay_channel_1_inst_2_delay_mem_driver_0_0.vds
# Journal file: C:/gitaar_effect/Gitaar_effect_delay/Gitaar_effect_delay.runs/delay_channel_1_inst_2_delay_mem_driver_0_0_synth_1\vivado.jou
# Running On: DESKTOP-6QOF9GB, OS: Windows, CPU Frequency: 4104 MHz, CPU Physical cores: 6, Host memory: 34275 MB
#-----------------------------------------------------------
source delay_channel_1_inst_2_delay_mem_driver_0_0.tcl -notrace
